기업마당 오픈API 호출 중...
수신 1534건
K-Startup 오픈API 호출 중...
K-Startup 수신 400건
K-Startup 추가 176건 (중복·마감 제외)
요약 캐시 적용 80/1710건 (캐시 없는 신규 공고는 기본 요약)
첨부파일 다운로드 링크 수집 중... 1710건 상세페이지 조회 (잠시 걸립니다)
  50/1710 조회
  100/1710 조회
  150/1710 조회
  200/1710 조회
  250/1710 조회
  300/1710 조회
  350/1710 조회
  400/1710 조회
  450/1710 조회
  500/1710 조회
  550/1710 조회
  600/1710 조회
  650/1710 조회
  700/1710 조회
  750/1710 조회
  800/1710 조회
  850/1710 조회
  900/1710 조회
  950/1710 조회
  1000/1710 조회
  1050/1710 조회
  1100/1710 조회
  1150/1710 조회
  1200/1710 조회
  1250/1710 조회
  1300/1710 조회
  1350/1710 조회
  1400/1710 조회
  1450/1710 조회
  1500/1710 조회
  1550/1710 조회
  1600/1710 조회
  1650/1710 조회
  1700/1710 조회
첨부파일 링크 확인: 1702/1710건에 파일 있음
------------------------------------------------------------
저장 완료: C:\Users\소우빈\OneDrive\Desktop\우빈 정부지원사업\grants-data.js
수집 1710건 (마감 지난 0건 제외)
대시보드(nurfit-grants-app-v6.html)를 새로고침하면 실데이터로 바뀝니다.
------------------------------------------------------------
